pandoc-zotxt.lua: 
pandoc-zotxt.lua: 
pandoc-zotxt.lua: 
