pandoc-zotxt.lua: test
pandoc-zotxt.lua: 
pandoc-zotxt.lua: 
pandoc-zotxt.lua: test
